./mvnw : WARNING: A terminally 
deprecated method in sun.misc.Unsafe 
has been called
At line:1 char:1
+ ./mvnw compile > build_errors.txt 
2>&1
+ 
~~~~~~~~~~~~~~~~~~~~~~~~~~~~~~~~~~~~~~
    + CategoryInfo          : NotSpec 
   ified: (WARNING: A term...has bee  
  n called:String) [], RemoteExcept   
 ion
    + FullyQualifiedErrorId : NativeC 
   ommandError
 
WARNING: 
sun.misc.Unsafe::staticFieldBase has 
been called by com.google.inject.inter
nal.aop.HiddenClassDefiner (file:/C:/U
sers/harsh/.m2/wrapper/dists/apache-ma
ven-3.9.11/d6d3cbd4012d4c1d840e93277ac
a316c/lib/guice-5.1.0-classes.jar)
WARNING: Please consider reporting 
this to the maintainers of class com.g
oogle.inject.internal.aop.HiddenClassD
efiner
WARNING: 
sun.misc.Unsafe::staticFieldBase will 
be removed in a future release
[INFO] Scanning for projects...
[INFO] 
[INFO] ---------< com.expensetracker:Smart-Document-Approval-System >----------
[INFO] Building Smart Document Approval System 0.0.1-SNAPSHOT
[INFO]   from pom.xml
[INFO] --------------------------------[ jar ]---------------------------------
[INFO] 
[INFO] --- resources:3.3.1:resources (default-resources) @ Smart-Document-Approval-System ---
[INFO] Copying 2 resources from src\main\resources to target\classes
[INFO] Copying 1 resource from src\main\resources to target\classes
[INFO] 
[INFO] --- compiler:3.14.0:compile (default-compile) @ Smart-Document-Approval-System ---
[INFO] Recompiling the module because of changed source code.
[INFO] Compiling 56 source files with javac [debug parameters release 17] to target\classes
[INFO] -------------------------------------------------------------
[ERROR] COMPILATION ERROR : 
[INFO] -------------------------------------------------------------
[ERROR] /C:/Users/harsh/Desktop/Resume Projects/Document-Processing-Approval-Engine-main/src/main/java/com/expensetracker/smartdocumentapprovalsystem/controller/DocumentController.java:[43,13] cannot find symbol
  symbol:   class SupabaseStorageService
  location: class com.expensetracker.smartdocumentapprovalsystem.controller.DocumentController
[INFO] 1 error
[INFO] -------------------------------------------------------------
[INFO] ------------------------------------------------------------------------
[INFO] BUILD FAILURE
[INFO] ------------------------------------------------------------------------
[INFO] Total time:  7.319 s
[INFO] Finished at: 2026-02-22T22:04:48+05:30
[INFO] ------------------------------------------------------------------------
[ERROR] Failed to execute goal org.apache.maven.plugins:maven-compiler-plugin:3.14.0:compile (default-compile) on project Smart-Document-Approval-System: Compilation failure
[ERROR] /C:/Users/harsh/Desktop/Resume Projects/Document-Processing-Approval-Engine-main/src/main/java/com/expensetracker/smartdocumentapprovalsystem/controller/DocumentController.java:[43,13] cannot find symbol
[ERROR]   symbol:   class SupabaseStorageService
[ERROR]   location: class com.expensetracker.smartdocumentapprovalsystem.controller.DocumentController
[ERROR] 
[ERROR] -> [Help 1]
[ERROR] 
[ERROR] To see the full stack trace of the errors, re-run Maven with the -e switch.
[ERROR] Re-run Maven using the -X switch to enable full debug logging.
[ERROR] 
[ERROR] For more information about the errors and possible solutions, please read the following articles:
[ERROR] [Help 1] http://cwiki.apache.org/confluence/display/MAVEN/MojoFailureException
