WARNING: A restricted method in java.lang.System has been called
WARNING: java.lang.System::load has been called by org.fusesource.jansi.internal.JansiLoader in an unnamed module (file:/C:/Users/harsh/Downloads/apache-maven-3.9.9/lib/jansi-2.4.1.jar)
WARNING: Use --enable-native-access=ALL-UNNAMED to avoid a warning for callers in this module
WARNING: Restricted methods will be blocked in a future release unless native access is enabled

WARNING: A terminally deprecated method in sun.misc.Unsafe has been called
WARNING: sun.misc.Unsafe::objectFieldOffset has been called by com.google.common.util.concurrent.AbstractFuture$UnsafeAtomicHelper (file:/C:/Users/harsh/Downloads/apache-maven-3.9.9/lib/guava-33.2.1-jre.jar)
WARNING: Please consider reporting this to the maintainers of class com.google.common.util.concurrent.AbstractFuture$UnsafeAtomicHelper
WARNING: sun.misc.Unsafe::objectFieldOffset will be removed in a future release
[INFO] Scanning for projects...
[INFO] 
[INFO] ---------< com.expensetracker:Smart-Document-Approval-System >----------
[INFO] Building Smart Document Approval System 0.0.1-SNAPSHOT
[INFO]   from pom.xml
[INFO] --------------------------------[ jar ]---------------------------------
[INFO] 
[INFO] --- clean:3.4.1:clean (default-clean) @ Smart-Document-Approval-System ---
[INFO] Deleting C:\Users\harsh\Desktop\Resume Projects\Document-Processing-Approval-Engine-main\target
[INFO] 
[INFO] --- resources:3.3.1:resources (default-resources) @ Smart-Document-Approval-System ---
[INFO] Copying 2 resources from src\main\resources to target\classes
[INFO] Copying 1 resource from src\main\resources to target\classes
[INFO] 
[INFO] --- compiler:3.14.0:compile (default-compile) @ Smart-Document-Approval-System ---
[INFO] Recompiling the module because of changed source code.
[INFO] Compiling 54 source files with javac [debug parameters release 17] to target\classes
[INFO] /C:/Users/harsh/Desktop/Resume Projects/Document-Processing-Approval-Engine-main/src/main/java/com/expensetracker/smartdocumentapprovalsystem/config/SecurityConfig.java: C:\Users\harsh\Desktop\Resume Projects\Document-Processing-Approval-Engine-main\src\main\java\com\expensetracker\smartdocumentapprovalsystem\config\SecurityConfig.java uses or overrides a deprecated API.
[INFO] /C:/Users/harsh/Desktop/Resume Projects/Document-Processing-Approval-Engine-main/src/main/java/com/expensetracker/smartdocumentapprovalsystem/config/SecurityConfig.java: Recompile with -Xlint:deprecation for details.
[INFO] 
[INFO] --- resources:3.3.1:testResources (default-testResources) @ Smart-Document-Approval-System ---
[INFO] Copying 1 resource from src\test\resources to target\test-classes
[INFO] 
[INFO] --- compiler:3.14.0:testCompile (default-testCompile) @ Smart-Document-Approval-System ---
[INFO] Recompiling the module because of changed dependency.
[INFO] Compiling 3 source files with javac [debug parameters release 17] to target\test-classes
[INFO] -------------------------------------------------------------
[ERROR] COMPILATION ERROR : 
[INFO] -------------------------------------------------------------
[ERROR] /C:/Users/harsh/Desktop/Resume Projects/Document-Processing-Approval-Engine-main/src/test/java/com/expensetracker/smartdocumentapprovalsystem/integration/AuthControllerIntegrationTest.java:[11,2] cannot find symbol
  symbol: class SpringBootTest
[ERROR] /C:/Users/harsh/Desktop/Resume Projects/Document-Processing-Approval-Engine-main/src/test/java/com/expensetracker/smartdocumentapprovalsystem/integration/AuthControllerIntegrationTest.java:[12,2] cannot find symbol
  symbol: class ActiveProfiles
[ERROR] /C:/Users/harsh/Desktop/Resume Projects/Document-Processing-Approval-Engine-main/src/test/java/com/expensetracker/smartdocumentapprovalsystem/integration/AuthControllerIntegrationTest.java:[13,2] cannot find symbol
  symbol: class AutoConfigureMockMvc
[INFO] 3 errors 
[INFO] -------------------------------------------------------------
[INFO] ------------------------------------------------------------------------
[INFO] BUILD FAILURE
[INFO] ------------------------------------------------------------------------
[INFO] Total time:  14.505 s
[INFO] Finished at: 2025-12-06T18:32:49+05:30
[INFO] ------------------------------------------------------------------------
[ERROR] Failed to execute goal org.apache.maven.plugins:maven-compiler-plugin:3.14.0:testCompile (default-testCompile) on project Smart-Document-Approval-System: Compilation failure: Compilation failure: 
[ERROR] /C:/Users/harsh/Desktop/Resume Projects/Document-Processing-Approval-Engine-main/src/test/java/com/expensetracker/smartdocumentapprovalsystem/integration/AuthControllerIntegrationTest.java:[11,2] cannot find symbol
[ERROR]   symbol: class SpringBootTest
[ERROR] /C:/Users/harsh/Desktop/Resume Projects/Document-Processing-Approval-Engine-main/src/test/java/com/expensetracker/smartdocumentapprovalsystem/integration/AuthControllerIntegrationTest.java:[12,2] cannot find symbol
[ERROR]   symbol: class ActiveProfiles
[ERROR] /C:/Users/harsh/Desktop/Resume Projects/Document-Processing-Approval-Engine-main/src/test/java/com/expensetracker/smartdocumentapprovalsystem/integration/AuthControllerIntegrationTest.java:[13,2] cannot find symbol
[ERROR]   symbol: class AutoConfigureMockMvc
[ERROR] -> [Help 1]
[ERROR] 
[ERROR] To see the full stack trace of the errors, re-run Maven with the -e switch.
[ERROR] Re-run Maven using the -X switch to enable full debug logging.
[ERROR] 
[ERROR] For more information about the errors and possible solutions, please read the following articles:
[ERROR] [Help 1] http://cwiki.apache.org/confluence/display/MAVEN/MojoFailureException
